../Drivers/CMSIS/Include/core_cm7.h:2147:34:__NVIC_SystemReset	4	static,ignoring_inline_asm
../Core/Src/freertos.c:221:13:microros_sync_time	8	static
../Core/Src/freertos.c:252:21:clampf	24	static
../Core/Src/freertos.c:258:21:apply_deadband_and_min	32	static
../Core/Src/freertos.c:266:14:wrap_pi	16	static
../Core/Src/freertos.c:273:19:is_pressed	16	static
../Core/Src/freertos.c:283:6:apply_stiction_kick	56	static
../Core/Src/freertos.c:377:13:network_is_ready	4	static
../Core/Src/freertos.c:384:13:create_entities	120	static
../Core/Src/freertos.c:514:13:destroy_entities	288	static
../Core/Src/freertos.c:724:6:MX_FREERTOS_Init	8	static
../Core/Src/freertos.c:782:6:StartDefaultTask	136	static
../Core/Src/freertos.c:1308:6:EncoderTask	64	static
../Core/Src/freertos.c:1337:6:MotorControlTask	88	static
../Core/Src/freertos.c:1448:6:OdometryTask	40	static
../Core/Src/freertos.c:1467:6:yaw_to_quaternion	16	static
../Core/Src/freertos.c:1475:13:microros_odom_init	24	static
../Core/Src/freertos.c:1521:13:microros_odom_fini	16	static
../Core/Src/freertos.c:1551:13:microros_publish_odom	24	static
../Core/Src/freertos.c:1608:17:millis_void	8	static
../Core/Src/freertos.c:1614:13:cmdvel_cb	56	static
../Core/Src/freertos.c:1665:13:pid_cb	24	static
../Core/Src/freertos.c:1781:6:StartPS2Task	56	static
../Core/Src/freertos.c:1823:6:StartTeleopTask	104	static
../Core/Src/freertos.c:1944:20:EncData_Publish	32	static,ignoring_inline_asm
../Core/Src/freertos.c:1956:20:OdomData_Publish	24	static,ignoring_inline_asm
../Core/Src/freertos.c:1965:20:MotorData_Publish	16	static,ignoring_inline_asm
../Core/Src/freertos.c:2003:6:StartLCDTask	40	static
../Core/Src/freertos.c:2050:6:vApplicationStackOverflowHook	24	static,ignoring_inline_asm
../Core/Src/freertos.c:2058:6:StartMicroRosRxTask	48	static
../Core/Src/freertos.c:2097:6:StartMicroRosOdomPubTask	32	static
