../Core/Src/ui_screen.c:53:24:idx_from_x_runtime	16	static
../Core/Src/ui_screen.c:91:6:Graph_Push	24	static
../Core/Src/ui_screen.c:113:13:draw_thick_pixel	24	static
../Core/Src/ui_screen.c:120:13:ui_fmt_fixed_round6	72	static
../Core/Src/ui_screen.c:180:23:pointInRect	24	static
../Core/Src/ui_screen.c:189:13:UI_PrintClipped	88	static
../Core/Src/ui_screen.c:208:20:UI_SetText	16	static
../Core/Src/ui_screen.c:213:13:UI_DrawCenteredText	40	static
../Core/Src/ui_screen.c:225:13:UI_LayoutInit	32	static
../Core/Src/ui_screen.c:283:13:UI_DrawHeader	24	static
../Core/Src/ui_screen.c:291:13:UI_DrawButtons	40	static
../Core/Src/ui_screen.c:314:13:UI_ClearPanel	24	static
../Core/Src/ui_screen.c:319:6:UI_ShowPage	192	static
../Core/Src/ui_screen.c:503:6:UI_InitAndDrawOnce	16	static
../Core/Src/ui_screen.c:545:6:UI_OnTouch	56	static
../Core/Src/ui_screen.c:701:11:UI_GetActivePage	4	static
../Core/Src/ui_screen.c:705:13:UI_ClearValueLine	40	static
../Core/Src/ui_screen.c:716:6:UI_UpdateEncoderPage	80	static
../Core/Src/ui_screen.c:806:6:UI_UpdatePIDPage	104	static
../Core/Src/ui_screen.c:893:6:UI_UpdateOdomPage	56	static
../Core/Src/ui_screen.c:929:6:Graph_Reset	4	static
../Core/Src/ui_screen.c:947:6:UI_Graph_Push	48	static
../Core/Src/ui_screen.c:974:14:Graph_GetMaxAbs	24	static
../Core/Src/ui_screen.c:988:6:UI_DrawVelocityGraph	120	static
../Core/Src/ui_screen.c:1090:6:Graph_DrawFrameOnce	40	static
../Core/Src/ui_screen.c:1126:17:Graph_BGColorAt	16	static
../Core/Src/ui_screen.c:1143:6:UI_DrawVelocityGraph_CurvesOnly	56	static
../Core/Src/ui_screen.c:1194:13:Graph_DrawOneFrame	48	static
../Core/Src/ui_screen.c:1230:6:UI_VelGraph_DrawFramesOnce	40	static
../Core/Src/ui_screen.c:1262:17:Graph_BGColorAt_One	24	static
../Core/Src/ui_screen.c:1272:6:UI_VelGraph_UpdateCurvesOnly	96	static
../Core/Src/ui_screen.c:1360:13:Graph_ClearColumn	40	static
../Core/Src/ui_screen.c:1367:6:Graph_ClearInner	40	static
../Core/Src/ui_screen.c:1388:6:UI_VelGraph_PencilStep	80	static
